// Jest Snapshot v1, https://goo.gl/fbAQLP

exports[`performs snapshot testing 1`] = `
<div>
  Something went wrong
</div>
`;

exports[`performs snapshot testing 2`] = `
<div>
  Something went wrong
</div>
`;

exports[`performs snapshot testing 3`] = `
<div>
  Something went wrong
</div>
`;
