// Jest Snapshot v1, https://goo.gl/fbAQLP

exports[`performs snapshot testing 1`] = `
Array [
  <div
    className="filterContainer"
  >
    <input
      id="searchInput1"
      onChange={[Function]}
      placeholder="Search Broker name"
      type="text"
    />
    <select
      onChange={[Function]}
    >
      <option
        value="all"
      >
        Select language
      </option>
      <option
        value="french"
      >
        French
      </option>
      <option
        value="english"
      >
        English
      </option>
    </select>
    <input
      id="searchInput3"
      onChange={[Function]}
      placeholder="Search Years of experience"
      type="number"
    />
  </div>,
  <div
    className="grid-container"
  />,
]
`;
